// Jest Snapshot v1, https://goo.gl/fbAQLP

exports[`generates source maps for .vue files 1`] = `
"\\"use strict\\";

Object.defineProperty(exports, \\"__esModule\\", {
  value: true
});
exports.default = void 0;
//
//
//
//
//
//
//
//
//
//
//
//
//
//
//
//
//
//
//
//
//
//
var _default = {
  name: 'basic',
  computed: {
    headingClasses: function headingClasses() {
      return {
        red: this.isCrazy,
        blue: !this.isCrazy,
        shadow: this.isCrazy
      };
    }
  },
  data: function data() {
    return {
      msg: 'Welcome to Your Vue.js App',
      isCrazy: false
    };
  },
  methods: {
    toggleClass: function toggleClass() {
      this.isCrazy = !this.isCrazy;
    }
  }
};
exports.default = _default;
;
var __options__ = typeof exports.default === 'function'
? exports.default.options
: exports.default
var render = function() {
  var _vm = this
  var _h = _vm.$createElement
  var _c = _vm._self._c || _h
  return _c(\\"div\\", { staticClass: \\"hello\\" }, [
    _c(\\"h1\\", { class: _vm.headingClasses }, [_vm._v(_vm._s(_vm.msg))])
  ])
}
var staticRenderFns = []
render._withStripped = true

__options__.render = render
__options__.staticRenderFns = staticRenderFns
;(function() {
  var beforeCreate = __options__.beforeCreate
  var styleFn = function () { if(!this['css']) {
  this['css'] = {};
}
this['css'] = Object.assign(
this['css'], {\\"testA\\":\\"testA\\"});
if(!this['$style']) {
  this['$style'] = {};
}
this['$style'] = Object.assign(
this['$style'], {\\"testB\\":\\"testB\\"});
 }
  __options__.beforeCreate = beforeCreate ? [].concat(beforeCreate, styleFn) : [styleFn]
})()

//# sourceMappingURL=data:application/json;charset=utf-8;base64,eyJ2ZXJzaW9uIjozLCJzb3VyY2VzIjpbIkJhc2ljLnZ1ZSJdLCJuYW1lcyI6W10sIm1hcHBpbmdzIjoiOzs7Ozs7QUFBQTtBQUNBO0FBQ0E7QUFDQTtBQUNBO0FBQ0E7QUFDQTtBQUNBO0FBQ0E7QUFDQTtBQUNBO0FBQ0E7QUFDQTtBQUNBO0FBQ0E7QUFDQTtBQUNBO0FBQ0E7QUFDQTtBQUNBO0FBQ0E7QUFDQTs7QUFHQTtBQUNBO0FBQ0E7QUFDQTtBQUNBO0FBQ0E7QUFDQTtBQUhBO0FBS0E7QUFQQTtBQVNBO0FBQ0E7QUFDQTtBQUNBO0FBRkE7QUFJQTtBQUNBO0FBQ0E7QUFDQTtBQUNBO0FBSEE7QUFqQkEiLCJzb3VyY2VzQ29udGVudCI6WyI8dGVtcGxhdGU+XG4gIDxkaXYgY2xhc3M9XCJoZWxsb1wiPlxuICAgIDxoMSA6Y2xhc3M9XCJoZWFkaW5nQ2xhc3Nlc1wiPnt7IG1zZyB9fTwvaDE+XG4gIDwvZGl2PlxuPC90ZW1wbGF0ZT5cblxuPHN0eWxlIG1vZHVsZT1cImNzc1wiPlxuLnRlc3RBIHtcbiAgYmFja2dyb3VuZC1jb2xvcjogcmVkO1xufVxuPC9zdHlsZT5cbjxzdHlsZSBtb2R1bGU+XG4udGVzdEIge1xuICBiYWNrZ3JvdW5kLWNvbG9yOiBibHVlO1xufVxuPC9zdHlsZT5cbjxzdHlsZT5cbi50ZXN0QyB7XG4gIGJhY2tncm91bmQtY29sb3I6IGJsdWU7XG59XG48L3N0eWxlPlxuXG48c2NyaXB0PlxuZXhwb3J0IGRlZmF1bHQge1xuICBuYW1lOiAnYmFzaWMnLFxuICBjb21wdXRlZDoge1xuICAgIGhlYWRpbmdDbGFzc2VzOiBmdW5jdGlvbiBoZWFkaW5nQ2xhc3NlcygpIHtcbiAgICAgIHJldHVybiB7XG4gICAgICAgIHJlZDogdGhpcy5pc0NyYXp5LFxuICAgICAgICBibHVlOiAhdGhpcy5pc0NyYXp5LFxuICAgICAgICBzaGFkb3c6IHRoaXMuaXNDcmF6eVxuICAgICAgfVxuICAgIH1cbiAgfSxcbiAgZGF0YTogZnVuY3Rpb24gZGF0YSgpIHtcbiAgICByZXR1cm4ge1xuICAgICAgbXNnOiAnV2VsY29tZSB0byBZb3VyIFZ1ZS5qcyBBcHAnLFxuICAgICAgaXNDcmF6eTogZmFsc2VcbiAgICB9XG4gIH0sXG4gIG1ldGhvZHM6IHtcbiAgICB0b2dnbGVDbGFzczogZnVuY3Rpb24gdG9nZ2xlQ2xhc3MoKSB7XG4gICAgICB0aGlzLmlzQ3JhenkgPSAhdGhpcy5pc0NyYXp5XG4gICAgfVxuICB9XG59XG48L3NjcmlwdD5cbiJdfQ=="
`;

exports[`generates source maps using src attributes 1`] = `
"\\"use strict\\";

Object.defineProperty(exports, \\"__esModule\\", {
  value: true
});
exports.default = void 0;
var _default = {
  name: 'basic',
  computed: {
    headingClasses: function headingClasses() {
      return {
        red: this.isCrazy,
        blue: !this.isCrazy,
        shadow: this.isCrazy
      };
    }
  },
  data: function data() {
    return {
      msg: 'Welcome to Your Vue.js App',
      isCrazy: false
    };
  },
  methods: {
    toggleClass: function toggleClass() {
      this.isCrazy = !this.isCrazy;
    }
  }
};
exports.default = _default;
;
var __options__ = typeof exports.default === 'function'
? exports.default.options
: exports.default
var render = function() {
  var _vm = this
  var _h = _vm.$createElement
  var _c = _vm._self._c || _h
  return _c(\\"div\\", { staticClass: \\"hello\\" }, [
    _c(\\"h1\\", { class: _vm.headingClasses }, [_vm._v(_vm._s(_vm.msg))])
  ])
}
var staticRenderFns = []
render._withStripped = true

__options__.render = render
__options__.staticRenderFns = staticRenderFns

//# sourceMappingURL=data:application/json;charset=utf-8;base64,eyJ2ZXJzaW9uIjozLCJzb3VyY2VzIjpbIkJhc2ljU3JjLmpzIl0sIm5hbWVzIjpbXSwibWFwcGluZ3MiOiI7Ozs7Ozs7QUFDQTtBQUNBO0FBQ0E7QUFDQTtBQUNBO0FBQ0E7QUFDQTtBQUhBO0FBS0E7QUFQQTtBQVNBO0FBQ0E7QUFDQTtBQUNBO0FBRkE7QUFJQTtBQUNBO0FBQ0E7QUFDQTtBQUNBO0FBSEE7QUFqQkEiLCJzb3VyY2VzQ29udGVudCI6WyJleHBvcnQgZGVmYXVsdCB7XG4gIG5hbWU6ICdiYXNpYycsXG4gIGNvbXB1dGVkOiB7XG4gICAgaGVhZGluZ0NsYXNzZXM6IGZ1bmN0aW9uIGhlYWRpbmdDbGFzc2VzKCkge1xuICAgICAgcmV0dXJuIHtcbiAgICAgICAgcmVkOiB0aGlzLmlzQ3JhenksXG4gICAgICAgIGJsdWU6ICF0aGlzLmlzQ3JhenksXG4gICAgICAgIHNoYWRvdzogdGhpcy5pc0NyYXp5XG4gICAgICB9XG4gICAgfVxuICB9LFxuICBkYXRhOiBmdW5jdGlvbiBkYXRhKCkge1xuICAgIHJldHVybiB7XG4gICAgICBtc2c6ICdXZWxjb21lIHRvIFlvdXIgVnVlLmpzIEFwcCcsXG4gICAgICBpc0NyYXp5OiBmYWxzZVxuICAgIH1cbiAgfSxcbiAgbWV0aG9kczoge1xuICAgIHRvZ2dsZUNsYXNzOiBmdW5jdGlvbiB0b2dnbGVDbGFzcygpIHtcbiAgICAgIHRoaXMuaXNDcmF6eSA9ICF0aGlzLmlzQ3JhenlcbiAgICB9XG4gIH1cbn1cbiJdfQ=="
`;
