// Jest Snapshot v1, https://goo.gl/fbAQLP

exports[`processes PostCSS 1`] = `"<section><div></div> <div class=\\"red\\"></div></section>"`;
